0 verbose cli /opt/homebrew/Cellar/node/26.4.0/bin/node /opt/homebrew/bin/npm
1 info using npm@11.17.0
2 info using node@v26.4.0
3 silly config load:file:/opt/homebrew/lib/node_modules/npm/npmrc
4 silly config load:file:/Users/jamesyee/Desktop/video/research-memory-engine/.npmrc
5 silly config load:file:/Users/jamesyee/.npmrc
6 silly config load:file:/opt/homebrew/etc/npmrc
7 verbose title npm install
8 verbose argv "install" "--cache" "./.npm-cache" "--prefer-offline" "--no-audit" "--no-fund"
9 verbose logfile logs-max:10 dir:/Users/jamesyee/Desktop/video/research-memory-engine/.npm-cache/_logs/2026-07-07T15_11_41_033Z-
10 verbose logfile /Users/jamesyee/Desktop/video/research-memory-engine/.npm-cache/_logs/2026-07-07T15_11_41_033Z-debug-0.log
11 silly logfile done cleaning log files
12 http fetch GET https://registry.npmjs.org/npm attempt 1 failed with ENOTFOUND
13 silly packumentCache heap:4395630592 maxSize:1098907648 maxEntrySize:549453824
14 silly idealTree buildDeps
15 silly fetch manifest @types/node@^22.10.2
16 silly packumentCache full:https://registry.npmjs.org/@types%2fnode cache-miss
17 http fetch GET https://registry.npmjs.org/@types%2fnode attempt 1 failed with ENOTFOUND
18 http fetch GET https://registry.npmjs.org/npm attempt 2 failed with ENOTFOUND
19 http fetch GET https://registry.npmjs.org/@types%2fnode attempt 2 failed with ENOTFOUND
20 http fetch GET https://registry.npmjs.org/npm attempt 3 failed with ENOTFOUND
21 http fetch GET https://registry.npmjs.org/@types%2fnode attempt 3 failed with ENOTFOUND
22 silly fetch manifest @types/react@^19.0.2
23 silly packumentCache full:https://registry.npmjs.org/@types%2freact cache-miss
24 http fetch GET https://registry.npmjs.org/@types%2freact attempt 1 failed with ENOTFOUND
25 http fetch GET https://registry.npmjs.org/@types%2freact attempt 2 failed with ENOTFOUND
